// Jest Snapshot v1, https://goo.gl/fbAQLP

exports[`mc sampleseq 1`] = `
Float32Array [
  0,
  0,
  0,
  0,
  0,
  0,
  0,
  0,
  0,
  0,
  0,
  0,
  0,
  0,
  0,
  0,
  0,
  0,
  0,
  0,
  0,
  0,
  0,
  0,
  0,
  0,
  0,
  0,
  0,
  0,
  0,
  0,
]
`;

exports[`mc sampleseq 2`] = `
Float32Array [
  42,
  42,
  42,
  42,
  42,
  42,
  42,
  42,
  42,
  42,
  42,
  42,
  42,
  42,
  42,
  42,
  42,
  42,
  42,
  42,
  42,
  42,
  42,
  42,
  42,
  42,
  42,
  42,
  42,
  42,
  42,
  42,
]
`;

exports[`mc table 1`] = `
Float32Array [
  42,
  42,
  42,
  42,
  42,
  42,
  42,
  42,
  42,
  42,
  42,
  42,
  42,
  42,
  42,
  42,
]
`;
